============================================================
PHASE A — BOOT & INITIALIZATION TEST
============================================================

── Step 1: Config Load ──
  ✅ [config] model_router.risk_analysis = deepseek/deepseek-r1:free
  ✅ [config] model_router.tool_execution = qwen/qwen-2.5-coder-32b-instruct
  ✅ [config] model_router.data_parsing = qwen/qwen-2.5-coder-32b-instruct
  ✅ [config] model_router.general = qwen/qwen-2.5-coder-32b-instruct
  ✅ [config] model_router.code = qwen/qwen-2.5-coder-32b-instruct
  ✅ [config] model_router.research = deepseek/deepseek-r1:free
  ✅ [config] model_router.vision = meta-llama/llama-4-maverick:free
  ✅ [config] Config loaded and validated

── Step 2: LLM Gateway Init ──
2026-03-26 19:05:43 [info     ] SmartModelRouter initialised   models=['deepseek/deepseek-r1:free', 'qwen/qwen-2.5-coder-32b-instruct', 'meta-llama/llama-4-maverick:free']
2026-03-26 19:05:43 [info     ] LLMGateway: SmartModelRouter initialized models=['deepseek/deepseek-r1:free', 'qwen/qwen-2.5-coder-32b-instruct', 'meta-llama/llama-4-maverick:free']
2026-03-26 19:05:43 [info     ] AdaptiveTokenBudget initialised default_max_tokens=8192 vram_gb=16.0
2026-03-26 19:05:43 [info     ] InferenceMetricsCollector initialised
2026-03-26 19:05:43 [info     ] LLMGateway configured          force_cloud=True openrouter_enabled=True
  ❌ [llm_gateway] Traceback (most recent call last):
  File "D:\openclaw_bot\openclaw_bot\tests\phase_a_boot_test.py", line 66, in test_boot
    assert _configured, "_configured flag not set after configure()"
           ^^^^^^^^^^^
AssertionError: _configured flag not set after configure()


── Step 3: PipelineExecutor Init ──
2026-03-26 19:05:43 [info     ] InferenceMetrics + AdaptiveTokenBudget activated (shared)
2026-03-26 19:05:43 [info     ] SmartModelRouter: reusing shared instance from LLMGateway
2026-03-26 19:05:43 [info     ] ContextBridge initialized      db=D:\openclaw_bot\openclaw_bot\data\context_bridge.db enabled=False
2026-03-26 19:05:43 [info     ] Context Bridge DISABLED (cloud-only mode, no local model swaps)
2026-03-26 19:05:43 [info     ] DynamicSandbox initialized     docker_available=False saved_skills=0
Secure MCP Filesystem Server running on stdio
Client does not support MCP Roots, using allowed directories set from server args: [ 'D:\\openclaw_bot\\openclaw_bot' ]
[03/26/26 19:05:49] INFO     Processing request of type           server.py:709
                             ListToolsRequest                                  
Traceback (most recent call last):
  File "D:\openclaw_bot\openclaw_bot\src\memory_mcp.py", line 13, in <module>
    from src.llm_gateway import route_llm, is_cloud_only
ModuleNotFoundError: No module named 'src'
[03/26/26 19:05:51] INFO     Processing request of type           server.py:709
                             ListToolsRequest                                  
Secure MCP Filesystem Server running on stdio
Client does not support MCP Roots, using allowed directories set from server args: [ 'D:\\Dmarket_bot' ]
[03/26/26 19:05:57] INFO     Processing request of type           server.py:709
                             ListToolsRequest                                  
Traceback (most recent call last):
  File "D:\openclaw_bot\openclaw_bot\src\memory_mcp.py", line 13, in <module>
    from src.llm_gateway import route_llm, is_cloud_only
ModuleNotFoundError: No module named 'src'
[03/26/26 19:05:59] INFO     Processing request of type           server.py:709
                             ListToolsRequest                                  
  ✅ [pipeline_executor] PipelineExecutor created
  ✅ [pipeline_executor] metrics_collector is shared singleton ✓
  ✅ [pipeline_executor] token_budget is shared singleton ✓
  ✅ [pipeline_executor] SmartModelRouter is shared singleton ✓

── Step 4: MCP Client Init ──
[MCP] Starting Filesystem Server. Allowed dirs: ['D:\\openclaw_bot\\openclaw_bot']
[MCP] Filesystem Server initialized successfully.
[MCP] Starting Parsers (rg, jq, yq) Server...
[MCP] Parsers Server initialized successfully.
[MCP] Starting Memory Hybrid Search Server...
[MCP Warning] Memory Server unavailable (fallback to TF-IDF): Connection closed
[MCP] Starting WebSearch (DuckDuckGo) Server...
[MCP] WebSearch Server initialized successfully.
[MCP] Starting Shell Executor Server...
[MCP] Shell Executor Server initialized successfully.
[MCP] Starting Filesystem Server. Allowed dirs: ['D:\\Dmarket_bot']
[MCP] Filesystem Server initialized successfully.
[MCP] Starting Parsers (rg, jq, yq) Server...
[MCP] Parsers Server initialized successfully.
[MCP] Starting Memory Hybrid Search Server...
[MCP Warning] Memory Server unavailable (fallback to TF-IDF): Connection closed
[MCP] Starting WebSearch (DuckDuckGo) Server...
[MCP] WebSearch Server initialized successfully.
[MCP] Starting Shell Executor Server...
[MCP] Shell Executor Server initialized successfully.
2026-03-26 19:05:59 [info     ] Pipeline MCP clients initialized (openclaw + dmarket contexts)
2026-03-26 19:05:59 [warning  ] ChromaDB not installed — RAG disabled. pip install chromadb
2026-03-26 19:05:59 [info     ] SuperMemory initialized        cold=0 episodes=0 hot=0 warm=0
2026-03-26 19:05:59 [info     ] SuperMemory initialized and indexed
2026-03-26 19:05:59 [warning  ] ChromaDB not installed — RAG engine disabled. Install with: pip install chromadb
2026-03-26 19:05:59 [info     ] RAGEngine initialized and indexed
  ✅ [mcp_client] Pipeline MCP initialized (openclaw + dmarket)

── Step 5: SuperMemory & RAG Engine ──
  ✅ [supermemory] SuperMemory initialized and indexed
  ✅ [rag_engine] RAGEngine initialized and indexed

── Step 6: OpenRouter Live Call ──
2026-03-26 19:05:59 [info     ] Model routed                   complexity=simple model=qwen/qwen-2.5-coder-32b-instruct score=5.5 task_type=general
2026-03-26 19:05:59 [debug    ] SmartRouter selected           model=qwen/qwen-2.5-coder-32b-instruct task_type=general
2026-03-26 19:06:02 [warning  ] LLMGateway: all providers failed model=qwen/qwen-2.5-coder-32b-instruct task_type=general
2026-03-26 19:06:02 [debug    ] LLMGateway call                latency_ms=3294 model=qwen/qwen-2.5-coder-32b-instruct provider=none response_len=0 task_type=general
  ❌ [openrouter] Empty response from OpenRouter

── Step 7: Memory Hybrid Search ──
  ❌ [memory_mcp] 'OpenClawMCPClient' object has no attribute '_connections'

── Step 8: Scheduler ──
  ✅ [scheduler] OpenClawScheduler created

── Step 9: Safety Guardrails ──
2026-03-26 19:06:02 [warning  ] injection_detected             confidence=0.5 pattern_count=2 severity=high source=user
  ✅ [safety] Injection detection: is_injection=True, severity=high
2026-03-26 19:06:02 [info     ] hallucination_check            confidence=0.2 flag_count=1 risk=low
unhandled exception during asyncio.run() shutdown
task: <Task finished name='Task-31' coro=<<async_generator_athrow without __name__>()> exception=RuntimeError('Attempted to exit cancel scope in a different task than it was entered in')>
Traceback (most recent call last):
  File "D:\openclaw_bot\openclaw_bot\.venv\Lib\site-packages\anyio\_backends\_asyncio.py", line 787, in __aexit__
    raise exc_val
  File "D:\openclaw_bot\openclaw_bot\.venv\Lib\site-packages\mcp\client\stdio\__init__.py", line 189, in stdio_client
    yield read_stream, write_stream
asyncio.exceptions.CancelledError

During handling of the above exception, another exception occurred:

Traceback (most recent call last):
  File "D:\openclaw_bot\openclaw_bot\.venv\Lib\site-packages\mcp\client\stdio\__init__.py", line 183, in stdio_client
    anyio.create_task_group() as tg,
    ~~~~~~~~~~~~~~~~~~~~~~~^^
  File "D:\openclaw_bot\openclaw_bot\.venv\Lib\site-packages\anyio\_backends\_asyncio.py", line 789, in __aexit__
    if self.cancel_scope.__exit__(type(exc), exc, exc.__traceback__):
       ~~~~~~~~~~~~~~~~~~~~~~~~~~^^^^^^^^^^^^^^^^^^^^^^^^^^^^^^^^^^^
  File "D:\openclaw_bot\openclaw_bot\.venv\Lib\site-packages\anyio\_backends\_asyncio.py", line 461, in __exit__
    raise RuntimeError(
    ...<2 lines>...
    )
RuntimeError: Attempted to exit cancel scope in a different task than it was entered in
unhandled exception during asyncio.run() shutdown
task: <Task finished name='Task-28' coro=<<async_generator_athrow without __name__>()> exception=RuntimeError('Attempted to exit cancel scope in a different task than it was entered in')>
Traceback (most recent call last):
  File "D:\openclaw_bot\openclaw_bot\.venv\Lib\site-packages\anyio\_backends\_asyncio.py", line 787, in __aexit__
    raise exc_val
  File "D:\openclaw_bot\openclaw_bot\.venv\Lib\site-packages\mcp\client\stdio\__init__.py", line 189, in stdio_client
    yield read_stream, write_stream
asyncio.exceptions.CancelledError

During handling of the above exception, another exception occurred:

Traceback (most recent call last):
  File "D:\openclaw_bot\openclaw_bot\.venv\Lib\site-packages\mcp\client\stdio\__init__.py", line 183, in stdio_client
    anyio.create_task_group() as tg,
    ~~~~~~~~~~~~~~~~~~~~~~~^^
  File "D:\openclaw_bot\openclaw_bot\.venv\Lib\site-packages\anyio\_backends\_asyncio.py", line 789, in __aexit__
    if self.cancel_scope.__exit__(type(exc), exc, exc.__traceback__):
       ~~~~~~~~~~~~~~~~~~~~~~~~~~^^^^^^^^^^^^^^^^^^^^^^^^^^^^^^^^^^^
  File "D:\openclaw_bot\openclaw_bot\.venv\Lib\site-packages\anyio\_backends\_asyncio.py", line 461, in __exit__
    raise RuntimeError(
    ...<2 lines>...
    )
RuntimeError: Attempted to exit cancel scope in a different task than it was entered in
unhandled exception during asyncio.run() shutdown
task: <Task finished name='Task-26' coro=<<async_generator_athrow without __name__>()> exception=RuntimeError('Attempted to exit cancel scope in a different task than it was entered in')>
Traceback (most recent call last):
  File "D:\openclaw_bot\openclaw_bot\.venv\Lib\site-packages\anyio\_backends\_asyncio.py", line 787, in __aexit__
    raise exc_val
  File "D:\openclaw_bot\openclaw_bot\.venv\Lib\site-packages\mcp\client\stdio\__init__.py", line 189, in stdio_client
    yield read_stream, write_stream
asyncio.exceptions.CancelledError

During handling of the above exception, another exception occurred:

Traceback (most recent call last):
  File "D:\openclaw_bot\openclaw_bot\.venv\Lib\site-packages\mcp\client\stdio\__init__.py", line 183, in stdio_client
    anyio.create_task_group() as tg,
    ~~~~~~~~~~~~~~~~~~~~~~~^^
  File "D:\openclaw_bot\openclaw_bot\.venv\Lib\site-packages\anyio\_backends\_asyncio.py", line 789, in __aexit__
    if self.cancel_scope.__exit__(type(exc), exc, exc.__traceback__):
       ~~~~~~~~~~~~~~~~~~~~~~~~~~^^^^^^^^^^^^^^^^^^^^^^^^^^^^^^^^^^^
  File "D:\openclaw_bot\openclaw_bot\.venv\Lib\site-packages\anyio\_backends\_asyncio.py", line 461, in __exit__
    raise RuntimeError(
    ...<2 lines>...
    )
RuntimeError: Attempted to exit cancel scope in a different task than it was entered in
unhandled exception during asyncio.run() shutdown
task: <Task finished name='Task-33' coro=<<async_generator_athrow without __name__>()> exception=RuntimeError('Attempted to exit cancel scope in a different task than it was entered in')>
Traceback (most recent call last):
  File "D:\openclaw_bot\openclaw_bot\.venv\Lib\site-packages\anyio\_backends\_asyncio.py", line 787, in __aexit__
    raise exc_val
  File "D:\openclaw_bot\openclaw_bot\.venv\Lib\site-packages\mcp\client\stdio\__init__.py", line 189, in stdio_client
    yield read_stream, write_stream
asyncio.exceptions.CancelledError

During handling of the above exception, another exception occurred:

Traceback (most recent call last):
  File "D:\openclaw_bot\openclaw_bot\.venv\Lib\site-packages\mcp\client\stdio\__init__.py", line 183, in stdio_client
    anyio.create_task_group() as tg,
    ~~~~~~~~~~~~~~~~~~~~~~~^^
  File "D:\openclaw_bot\openclaw_bot\.venv\Lib\site-packages\anyio\_backends\_asyncio.py", line 789, in __aexit__
    if self.cancel_scope.__exit__(type(exc), exc, exc.__traceback__):
       ~~~~~~~~~~~~~~~~~~~~~~~~~~^^^^^^^^^^^^^^^^^^^^^^^^^^^^^^^^^^^
  File "D:\openclaw_bot\openclaw_bot\.venv\Lib\site-packages\anyio\_backends\_asyncio.py", line 461, in __exit__
    raise RuntimeError(
    ...<2 lines>...
    )
RuntimeError: Attempted to exit cancel scope in a different task than it was entered in
unhandled exception during asyncio.run() shutdown
task: <Task finished name='Task-30' coro=<<async_generator_athrow without __name__>()> exception=RuntimeError('Attempted to exit cancel scope in a different task than it was entered in')>
Traceback (most recent call last):
  File "D:\openclaw_bot\openclaw_bot\.venv\Lib\site-packages\anyio\_backends\_asyncio.py", line 787, in __aexit__
    raise exc_val
  File "D:\openclaw_bot\openclaw_bot\.venv\Lib\site-packages\mcp\client\stdio\__init__.py", line 189, in stdio_client
    yield read_stream, write_stream
asyncio.exceptions.CancelledError

During handling of the above exception, another exception occurred:

Traceback (most recent call last):
  File "D:\openclaw_bot\openclaw_bot\.venv\Lib\site-packages\mcp\client\stdio\__init__.py", line 183, in stdio_client
    anyio.create_task_group() as tg,
    ~~~~~~~~~~~~~~~~~~~~~~~^^
  File "D:\openclaw_bot\openclaw_bot\.venv\Lib\site-packages\anyio\_backends\_asyncio.py", line 789, in __aexit__
    if self.cancel_scope.__exit__(type(exc), exc, exc.__traceback__):
       ~~~~~~~~~~~~~~~~~~~~~~~~~~^^^^^^^^^^^^^^^^^^^^^^^^^^^^^^^^^^^
  File "D:\openclaw_bot\openclaw_bot\.venv\Lib\site-packages\anyio\_backends\_asyncio.py", line 461, in __exit__
    raise RuntimeError(
    ...<2 lines>...
    )
RuntimeError: Attempted to exit cancel scope in a different task than it was entered in
unhandled exception during asyncio.run() shutdown
task: <Task finished name='Task-32' coro=<<async_generator_athrow without __name__>()> exception=RuntimeError('Attempted to exit cancel scope in a different task than it was entered in')>
Traceback (most recent call last):
  File "D:\openclaw_bot\openclaw_bot\.venv\Lib\site-packages\anyio\_backends\_asyncio.py", line 787, in __aexit__
    raise exc_val
  File "D:\openclaw_bot\openclaw_bot\.venv\Lib\site-packages\mcp\client\stdio\__init__.py", line 189, in stdio_client
    yield read_stream, write_stream
asyncio.exceptions.CancelledError

During handling of the above exception, another exception occurred:

Traceback (most recent call last):
  File "D:\openclaw_bot\openclaw_bot\.venv\Lib\site-packages\mcp\client\stdio\__init__.py", line 183, in stdio_client
    anyio.create_task_group() as tg,
    ~~~~~~~~~~~~~~~~~~~~~~~^^
  File "D:\openclaw_bot\openclaw_bot\.venv\Lib\site-packages\anyio\_backends\_asyncio.py", line 789, in __aexit__
    if self.cancel_scope.__exit__(type(exc), exc, exc.__traceback__):
       ~~~~~~~~~~~~~~~~~~~~~~~~~~^^^^^^^^^^^^^^^^^^^^^^^^^^^^^^^^^^^
  File "D:\openclaw_bot\openclaw_bot\.venv\Lib\site-packages\anyio\_backends\_asyncio.py", line 461, in __exit__
    raise RuntimeError(
    ...<2 lines>...
    )
RuntimeError: Attempted to exit cancel scope in a different task than it was entered in
unhandled exception during asyncio.run() shutdown
task: <Task finished name='Task-25' coro=<<async_generator_athrow without __name__>()> exception=RuntimeError('Attempted to exit cancel scope in a different task than it was entered in')>
Traceback (most recent call last):
  File "D:\openclaw_bot\openclaw_bot\.venv\Lib\site-packages\anyio\_backends\_asyncio.py", line 787, in __aexit__
    raise exc_val
  File "D:\openclaw_bot\openclaw_bot\.venv\Lib\site-packages\mcp\client\stdio\__init__.py", line 189, in stdio_client
    yield read_stream, write_stream
asyncio.exceptions.CancelledError

During handling of the above exception, another exception occurred:

Traceback (most recent call last):
  File "D:\openclaw_bot\openclaw_bot\.venv\Lib\site-packages\mcp\client\stdio\__init__.py", line 183, in stdio_client
    anyio.create_task_group() as tg,
    ~~~~~~~~~~~~~~~~~~~~~~~^^
  File "D:\openclaw_bot\openclaw_bot\.venv\Lib\site-packages\anyio\_backends\_asyncio.py", line 789, in __aexit__
    if self.cancel_scope.__exit__(type(exc), exc, exc.__traceback__):
       ~~~~~~~~~~~~~~~~~~~~~~~~~~^^^^^^^^^^^^^^^^^^^^^^^^^^^^^^^^^^^
  File "D:\openclaw_bot\openclaw_bot\.venv\Lib\site-packages\anyio\_backends\_asyncio.py", line 461, in __exit__
    raise RuntimeError(
    ...<2 lines>...
    )
RuntimeError: Attempted to exit cancel scope in a different task than it was entered in
unhandled exception during asyncio.run() shutdown
task: <Task finished name='Task-27' coro=<<async_generator_athrow without __name__>()> exception=RuntimeError('Attempted to exit cancel scope in a different task than it was entered in')>
Traceback (most recent call last):
  File "D:\openclaw_bot\openclaw_bot\.venv\Lib\site-packages\anyio\_backends\_asyncio.py", line 787, in __aexit__
    raise exc_val
  File "D:\openclaw_bot\openclaw_bot\.venv\Lib\site-packages\mcp\client\stdio\__init__.py", line 189, in stdio_client
    yield read_stream, write_stream
asyncio.exceptions.CancelledError

During handling of the above exception, another exception occurred:

Traceback (most recent call last):
  File "D:\openclaw_bot\openclaw_bot\.venv\Lib\site-packages\mcp\client\stdio\__init__.py", line 183, in stdio_client
    anyio.create_task_group() as tg,
    ~~~~~~~~~~~~~~~~~~~~~~~^^
  File "D:\openclaw_bot\openclaw_bot\.venv\Lib\site-packages\anyio\_backends\_asyncio.py", line 789, in __aexit__
    if self.cancel_scope.__exit__(type(exc), exc, exc.__traceback__):
       ~~~~~~~~~~~~~~~~~~~~~~~~~~^^^^^^^^^^^^^^^^^^^^^^^^^^^^^^^^^^^
  File "D:\openclaw_bot\openclaw_bot\.venv\Lib\site-packages\anyio\_backends\_asyncio.py", line 461, in __exit__
    raise RuntimeError(
    ...<2 lines>...
    )
RuntimeError: Attempted to exit cancel scope in a different task than it was entered in
unhandled exception during asyncio.run() shutdown
task: <Task finished name='Task-29' coro=<<async_generator_athrow without __name__>()> exception=RuntimeError('Attempted to exit cancel scope in a different task than it was entered in')>
Traceback (most recent call last):
  File "D:\openclaw_bot\openclaw_bot\.venv\Lib\site-packages\anyio\_backends\_asyncio.py", line 787, in __aexit__
    raise exc_val
  File "D:\openclaw_bot\openclaw_bot\.venv\Lib\site-packages\mcp\client\stdio\__init__.py", line 189, in stdio_client
    yield read_stream, write_stream
asyncio.exceptions.CancelledError

During handling of the above exception, another exception occurred:

Traceback (most recent call last):
  File "D:\openclaw_bot\openclaw_bot\.venv\Lib\site-packages\mcp\client\stdio\__init__.py", line 183, in stdio_client
    anyio.create_task_group() as tg,
    ~~~~~~~~~~~~~~~~~~~~~~~^^
  File "D:\openclaw_bot\openclaw_bot\.venv\Lib\site-packages\anyio\_backends\_asyncio.py", line 789, in __aexit__
    if self.cancel_scope.__exit__(type(exc), exc, exc.__traceback__):
       ~~~~~~~~~~~~~~~~~~~~~~~~~~^^^^^^^^^^^^^^^^^^^^^^^^^^^^^^^^^^^
  File "D:\openclaw_bot\openclaw_bot\.venv\Lib\site-packages\anyio\_backends\_asyncio.py", line 461, in __exit__
    raise RuntimeError(
    ...<2 lines>...
    )
RuntimeError: Attempted to exit cancel scope in a different task than it was entered in
unhandled exception during asyncio.run() shutdown
task: <Task finished name='Task-24' coro=<<async_generator_athrow without __name__>()> exception=RuntimeError('Attempted to exit cancel scope in a different task than it was entered in')>
Traceback (most recent call last):
  File "D:\openclaw_bot\openclaw_bot\.venv\Lib\site-packages\anyio\_backends\_asyncio.py", line 787, in __aexit__
    raise exc_val
  File "D:\openclaw_bot\openclaw_bot\.venv\Lib\site-packages\mcp\client\stdio\__init__.py", line 189, in stdio_client
    yield read_stream, write_stream
asyncio.exceptions.CancelledError

During handling of the above exception, another exception occurred:

Traceback (most recent call last):
  File "D:\openclaw_bot\openclaw_bot\.venv\Lib\site-packages\mcp\client\stdio\__init__.py", line 183, in stdio_client
    anyio.create_task_group() as tg,
    ~~~~~~~~~~~~~~~~~~~~~~~^^
  File "D:\openclaw_bot\openclaw_bot\.venv\Lib\site-packages\anyio\_backends\_asyncio.py", line 789, in __aexit__
    if self.cancel_scope.__exit__(type(exc), exc, exc.__traceback__):
       ~~~~~~~~~~~~~~~~~~~~~~~~~~^^^^^^^^^^^^^^^^^^^^^^^^^^^^^^^^^^^
  File "D:\openclaw_bot\openclaw_bot\.venv\Lib\site-packages\anyio\_backends\_asyncio.py", line 461, in __exit__
    raise RuntimeError(
    ...<2 lines>...
    )
RuntimeError: Attempted to exit cancel scope in a different task than it was entered in
  ✅ [safety] Hallucination detection: risk=low

============================================================
PHASE A RESULTS: 3 error(s) found
============================================================

Module               Description                                        Scenario                  Fix Suggestion
------------------------------------------------------------------------------------------------------------------------
llm_gateway          Traceback (most recent call last):
  File "D:\op   Gateway init              Fix llm_gateway.configure()
openrouter           Empty response from OpenRouter                     Live call                 Check API key / model ID
memory_mcp           'OpenClawMCPClient' object has no attribute '_co   Hybrid search             Check memory_mcp.py
